// Jest Snapshot v1, https://goo.gl/fbAQLP

exports[`should render button component 1`] = `
<div
  className="w-11/12"
  data-testid="search"
>
  <div
    className="relative"
  >
    <div
      className="absolute inset-y-0 left-0 flex items-center pl-3 pointer-events-none"
    >
      <img
        alt="search"
        src={null}
        width="25"
      />
    </div>
    <input
      className="block w-full p-4 pl-12 text-sm text-gray-900 border border-gray-300 rounded-lg bg-gray-50 focus:ring-blue-500 focus:border-blue-500 dark:bg-gray-700 dark:border-gray-600 dark:placeholder-gray-400 dark:text-white dark:focus:ring-blue-500 dark:focus:border-blue-500"
      defaultValue=""
      id="search"
      onChange={null}
      placeholder="Search"
      type="search"
    />
    <button
      className="text-white absolute right-2.5 bottom-2.5 bg-blue-700 hover:bg-blue-800 focus:ring-4 focus:outline-none focus:ring-blue-300 font-medium rounded-lg text-sm px-4 py-2 dark:bg-blue-600 dark:hover:bg-blue-700 dark:focus:ring-blue-800"
      onClick={null}
      type="submit"
    >
      Search
    </button>
  </div>
</div>
`;
